// Jest Snapshot v1, https://goo.gl/fbAQLP

exports[`<Jokes> should render 1`] = `
<Provider
  store={
    Object {
      "@@observable": [Function],
      "dispatch": [Function],
      "getState": [Function],
      "replaceReducer": [Function],
      "subscribe": [Function],
    }
  }
>
  <Connect(NavigationComponent) />
</Provider>
`;
